// Jest Snapshot v1, https://goo.gl/fbAQLP

exports[`<Hero /> hero 1`] = `
<DocumentFragment>
  <section
    aria-label="hero section"
    style="background-image: url(sample-image.jpg);"
  >
    <div
      class="container undefined"
    >
      <div>
        <h1>
          Jest test title
        </h1>
        <div
          class="undefined undefined"
        >
          <a
            href="/"
          >
            home
          </a>
          <span>
            Jest test title
          </span>
        </div>
        <div>
          <span>
            <svg
              fill="currentColor"
              height="1em"
              stroke="currentColor"
              stroke-width="0"
              viewBox="0 0 448 512"
              width="1em"
              xmlns="http://www.w3.org/2000/svg"
            >
              <path
                d="M96 32V64H48C21.5 64 0 85.5 0 112v48H448V112c0-26.5-21.5-48-48-48H352V32c0-17.7-14.3-32-32-32s-32 14.3-32 32V64H160V32c0-17.7-14.3-32-32-32S96 14.3 96 32zM448 192H0V464c0 26.5 21.5 48 48 48H400c26.5 0 48-21.5 48-48V192z"
              />
            </svg>
             2023/10/05
          </span>
          <span>
            <svg
              fill="currentColor"
              height="1em"
              stroke="currentColor"
              stroke-width="0"
              viewBox="0 0 448 512"
              width="1em"
              xmlns="http://www.w3.org/2000/svg"
            >
              <path
                d="M224 256A128 128 0 1 0 224 0a128 128 0 1 0 0 256zm-45.7 48C79.8 304 0 383.8 0 482.3C0 498.7 13.3 512 29.7 512H418.3c16.4 0 29.7-13.3 29.7-29.7C448 383.8 368.2 304 269.7 304H178.3z"
              />
            </svg>
             Jest author
          </span>
        </div>
      </div>
    </div>
  </section>
</DocumentFragment>
`;
